../Core/Src/i2c-lcd_AIP31068.c:32:6:lcd_write_data_chunk	72	static
../Core/Src/i2c-lcd_AIP31068.c:41:6:lcd_set_cursor	40	static
../Core/Src/i2c-lcd_AIP31068.c:50:6:GROVE_LCD_send_cmd	32	static
../Core/Src/i2c-lcd_AIP31068.c:59:6:GROVE_LCD_send_data	32	static
../Core/Src/i2c-lcd_AIP31068.c:69:6:GROVE_LCD_setRegBacklight	32	static
../Core/Src/i2c-lcd_AIP31068.c:78:6:GROVE_LCD_Init	16	static
../Core/Src/i2c-lcd_AIP31068.c:101:6:GROVE_LCD_Clear	8	static
../Core/Src/i2c-lcd_AIP31068.c:107:6:GROVE_LCD_Home	8	static
../Core/Src/i2c-lcd_AIP31068.c:113:6:GROVE_LCD_SetCursor	16	static
../Core/Src/i2c-lcd_AIP31068.c:127:6:GROVE_LCD_WriteChar	16	static
../Core/Src/i2c-lcd_AIP31068.c:132:6:GROVE_LCD_WriteString	16	static
../Core/Src/i2c-lcd_AIP31068.c:137:6:GROVE_LCD_DisplayON	8	static
../Core/Src/i2c-lcd_AIP31068.c:143:6:GROVE_LCD_DisplayOFF	8	static
../Core/Src/i2c-lcd_AIP31068.c:149:6:GROVE_LCD_CursorON	8	static
../Core/Src/i2c-lcd_AIP31068.c:155:6:GROVE_LCD_CursorOFF	8	static
../Core/Src/i2c-lcd_AIP31068.c:161:6:GROVE_LCD_BlinkON	8	static
../Core/Src/i2c-lcd_AIP31068.c:167:6:GROVE_LCD_BlinkOFF	8	static
../Core/Src/i2c-lcd_AIP31068.c:175:6:GROVE_LCD_setBacklightRGB	16	static
