../Core/Src/main.c:63:6:Empty_Line	16	static
../Core/Src/main.c:68:6:Show_Delta	40	static
../Core/Src/main.c:98:5:main	32	static
../Core/Src/main.c:196:6:SystemClock_Config	88	static
../Core/Src/main.c:237:13:MX_ADC1_Init	56	static
../Core/Src/main.c:315:13:MX_I2C1_Init	8	static
../Core/Src/main.c:349:13:MX_TIM2_Init	64	static
../Core/Src/main.c:408:13:MX_GPIO_Init	56	static
../Core/Src/main.c:540:6:HAL_ADCEx_InjectedConvCpltCallback	16	static
../Core/Src/main.c:555:6:Error_Handler	4	static,ignoring_inline_asm
